###############################################################################
#
# IAR ELF Linker V7.80.4.12462/W32 for ARM                11/Feb/2021  11:10:41
# Copyright 2007-2017 IAR Systems AB.
#
#    Output file  =  D:\Study\STM32\IAR_TEST\Debug\Exe\TEST_LED.out
#    Map file     =  D:\Study\STM32\IAR_TEST\Debug\List\TEST_LED.map
#    Command line =  
#        D:\Study\STM32\IAR_TEST\Debug\Obj\main.o
#        D:\Study\STM32\IAR_TEST\Debug\Obj\startup_stm32f40xx.o
#        D:\Study\STM32\IAR_TEST\Debug\Obj\system_stm32f4xx.o -o
#        D:\Study\STM32\IAR_TEST\Debug\Exe\TEST_LED.out --redirect
#        _Printf=_PrintfFull --redirect _Scanf=_ScanfFull --map
#        D:\Study\STM32\IAR_TEST\Debug\List\TEST_LED.map --config
#        D:\soft\IAR\arm\config\linker\ST\stm32f407xG.icf --semihosting --entry
#        __iar_program_start --vfe
#
###############################################################################

*******************************************************************************
*** RUNTIME MODEL ATTRIBUTES
***

CppFlavor       = *
__SystemLibrary = DLib


*******************************************************************************
*** PLACEMENT SUMMARY
***

"A0":  place at 0x08000000 { ro section .intvec };
"P1":  place in [from 0x08000000 to 0x080fffff] { ro };
"P3":  place in [from 0x10000000 to 0x1000ffff] { block CSTACK, section .ccram };
"P4":  place in [from 0x20000000 to 0x2001bfff] |
                [from 0x2001c000 to 0x2001ffff] { rw, block HEAP };
initialize by copy { rw };

  Section            Kind        Address    Size  Object
  -------            ----        -------    ----  ------
"A0":                                      0x188
  .intvec            ro code  0x08000000   0x188  startup_stm32f40xx.o [1]
                            - 0x08000188   0x188

"P1":                                      0x500
  .text              ro code  0x08000188   0x1ac  system_stm32f4xx.o [1]
  .text              ro code  0x08000334    0xf8  main.o [1]
  .text              ro code  0x0800042c    0x2c  copy_init3.o [5]
  .text              ro code  0x08000458    0x28  data_init.o [5]
  .text              ro code  0x08000480    0x22  fpinit_M.o [4]
  .iar.init_table    const    0x080004a4    0x14  - Linker created -
  .text              ro code  0x080004b8    0x1a  cmain.o [5]
  .text              ro code  0x080004d2     0x4  low_level_init.o [3]
  .text              ro code  0x080004d6     0x4  exit.o [3]
  .text              ro code  0x080004dc     0xa  cexit.o [5]
  .text              ro code  0x080004e8    0x14  exit.o [6]
  .text              ro code  0x080004fc    0x10  startup_stm32f40xx.o [1]
  .text              ro code  0x0800050c     0xc  cstartup_M.o [5]
  .text              ro code  0x08000518     0x4  startup_stm32f40xx.o [1]
  .text              ro code  0x0800051c     0x4  startup_stm32f40xx.o [1]
  .text              ro code  0x08000520     0x4  startup_stm32f40xx.o [1]
  .text              ro code  0x08000524     0x4  startup_stm32f40xx.o [1]
  .text              ro code  0x08000528     0x4  startup_stm32f40xx.o [1]
  .text              ro code  0x0800052c     0x4  startup_stm32f40xx.o [1]
  .text              ro code  0x08000530     0x4  startup_stm32f40xx.o [1]
  .text              ro code  0x08000534     0x4  startup_stm32f40xx.o [1]
  .text              ro code  0x08000538     0x4  startup_stm32f40xx.o [1]
  .text              ro code  0x0800053c     0x4  startup_stm32f40xx.o [1]
  .text              ro code  0x08000540     0x4  startup_stm32f40xx.o [1]
  .text              ro code  0x08000544     0x4  startup_stm32f40xx.o [1]
  .text              ro code  0x08000548     0x4  startup_stm32f40xx.o [1]
  .text              ro code  0x0800054c     0x4  startup_stm32f40xx.o [1]
  .text              ro code  0x08000550     0x4  startup_stm32f40xx.o [1]
  .text              ro code  0x08000554     0x4  startup_stm32f40xx.o [1]
  .text              ro code  0x08000558     0x4  startup_stm32f40xx.o [1]
  .text              ro code  0x0800055c     0x4  startup_stm32f40xx.o [1]
  .text              ro code  0x08000560     0x4  startup_stm32f40xx.o [1]
  .text              ro code  0x08000564     0x4  startup_stm32f40xx.o [1]
  .text              ro code  0x08000568     0x4  startup_stm32f40xx.o [1]
  .text              ro code  0x0800056c     0x4  startup_stm32f40xx.o [1]
  .text              ro code  0x08000570     0x4  startup_stm32f40xx.o [1]
  .text              ro code  0x08000574     0x4  startup_stm32f40xx.o [1]
  .text              ro code  0x08000578     0x4  startup_stm32f40xx.o [1]
  .text              ro code  0x0800057c     0x4  startup_stm32f40xx.o [1]
  .text              ro code  0x08000580     0x4  startup_stm32f40xx.o [1]
  .text              ro code  0x08000584     0x4  startup_stm32f40xx.o [1]
  .text              ro code  0x08000588     0x4  startup_stm32f40xx.o [1]
  .text              ro code  0x0800058c     0x4  startup_stm32f40xx.o [1]
  .text              ro code  0x08000590     0x4  startup_stm32f40xx.o [1]
  .text              ro code  0x08000594     0x4  startup_stm32f40xx.o [1]
  .text              ro code  0x08000598     0x4  startup_stm32f40xx.o [1]
  .text              ro code  0x0800059c     0x4  startup_stm32f40xx.o [1]
  .text              ro code  0x080005a0     0x4  startup_stm32f40xx.o [1]
  .text              ro code  0x080005a4     0x4  startup_stm32f40xx.o [1]
  .text              ro code  0x080005a8     0x4  startup_stm32f40xx.o [1]
  .text              ro code  0x080005ac     0x4  startup_stm32f40xx.o [1]
  .text              ro code  0x080005b0     0x4  startup_stm32f40xx.o [1]
  .text              ro code  0x080005b4     0x4  startup_stm32f40xx.o [1]
  .text              ro code  0x080005b8     0x4  startup_stm32f40xx.o [1]
  .text              ro code  0x080005bc     0x4  startup_stm32f40xx.o [1]
  .text              ro code  0x080005c0     0x4  startup_stm32f40xx.o [1]
  .text              ro code  0x080005c4     0x4  startup_stm32f40xx.o [1]
  .text              ro code  0x080005c8     0x4  startup_stm32f40xx.o [1]
  .text              ro code  0x080005cc     0x4  startup_stm32f40xx.o [1]
  .text              ro code  0x080005d0     0x4  startup_stm32f40xx.o [1]
  .text              ro code  0x080005d4     0x4  startup_stm32f40xx.o [1]
  .text              ro code  0x080005d8     0x4  startup_stm32f40xx.o [1]
  .text              ro code  0x080005dc     0x4  startup_stm32f40xx.o [1]
  .text              ro code  0x080005e0     0x4  startup_stm32f40xx.o [1]
  .text              ro code  0x080005e4     0x4  startup_stm32f40xx.o [1]
  .text              ro code  0x080005e8     0x4  startup_stm32f40xx.o [1]
  .text              ro code  0x080005ec     0x4  startup_stm32f40xx.o [1]
  .text              ro code  0x080005f0     0x4  startup_stm32f40xx.o [1]
  .text              ro code  0x080005f4     0x4  startup_stm32f40xx.o [1]
  .text              ro code  0x080005f8     0x4  startup_stm32f40xx.o [1]
  .text              ro code  0x080005fc     0x4  startup_stm32f40xx.o [1]
  .text              ro code  0x08000600     0x4  startup_stm32f40xx.o [1]
  .text              ro code  0x08000604     0x4  startup_stm32f40xx.o [1]
  .text              ro code  0x08000608     0x4  startup_stm32f40xx.o [1]
  .text              ro code  0x0800060c     0x4  startup_stm32f40xx.o [1]
  .text              ro code  0x08000610     0x4  startup_stm32f40xx.o [1]
  .text              ro code  0x08000614     0x4  startup_stm32f40xx.o [1]
  .text              ro code  0x08000618     0x4  startup_stm32f40xx.o [1]
  .text              ro code  0x0800061c     0x4  startup_stm32f40xx.o [1]
  .text              ro code  0x08000620     0x4  startup_stm32f40xx.o [1]
  .text              ro code  0x08000624     0x4  startup_stm32f40xx.o [1]
  .text              ro code  0x08000628     0x4  startup_stm32f40xx.o [1]
  .text              ro code  0x0800062c     0x4  startup_stm32f40xx.o [1]
  .text              ro code  0x08000630     0x4  startup_stm32f40xx.o [1]
  .text              ro code  0x08000634     0x4  startup_stm32f40xx.o [1]
  .text              ro code  0x08000638     0x4  startup_stm32f40xx.o [1]
  .text              ro code  0x0800063c     0x4  startup_stm32f40xx.o [1]
  .text              ro code  0x08000640     0x4  startup_stm32f40xx.o [1]
  .text              ro code  0x08000644     0x4  startup_stm32f40xx.o [1]
  .text              ro code  0x08000648     0x4  startup_stm32f40xx.o [1]
  .text              ro code  0x0800064c     0x4  startup_stm32f40xx.o [1]
  .text              ro code  0x08000650     0x4  startup_stm32f40xx.o [1]
  .text              ro code  0x08000654     0x4  startup_stm32f40xx.o [1]
  .text              ro code  0x08000658     0x4  startup_stm32f40xx.o [1]
  .text              ro code  0x0800065c     0x4  startup_stm32f40xx.o [1]
  .text              ro code  0x08000660     0x4  startup_stm32f40xx.o [1]
  .text              ro code  0x08000664     0x4  startup_stm32f40xx.o [1]
  .text              ro code  0x08000668     0x4  startup_stm32f40xx.o [1]
  .text              ro code  0x0800066c     0x4  startup_stm32f40xx.o [1]
  .text              ro code  0x08000670     0x4  startup_stm32f40xx.o [1]
  .text              ro code  0x08000674     0x4  startup_stm32f40xx.o [1]
  .text              ro code  0x08000678     0x4  startup_stm32f40xx.o [1]
  .text              ro code  0x0800067c     0x4  startup_stm32f40xx.o [1]
  .text              ro code  0x08000680     0x4  startup_stm32f40xx.o [1]
  .rodata            const    0x08000684     0x0  copy_init3.o [5]
  Initializer bytes  const    0x08000684     0x4  <for P4 s0>
                            - 0x08000688   0x500

"P3":                                     0x2000
  CSTACK                      0x10000000  0x2000  <Block>
    CSTACK           uninit   0x10000000  0x2000  <Block tail>
                            - 0x10002000  0x2000

"P4":                                        0x4
  P4 s0                       0x20000000     0x4  <Init block>
    .data            inited   0x20000000     0x1  main.o [1]
                            - 0x20000004     0x4


*******************************************************************************
*** INIT TABLE
***

          Address     Size
          -------     ----
Copy (__iar_copy_init3)
    1 source range, total size 0x4 (400% of destination):
          0x08000684   0x4
    1 destination range, total size 0x1:
          0x20000000   0x1



*******************************************************************************
*** MODULE SUMMARY
***

    Module                ro code  ro data  rw data
    ------                -------  -------  -------
D:\Study\STM32\IAR_TEST\Debug\Obj: [1]
    main.o                    248        1        1
    startup_stm32f40xx.o      772
    system_stm32f4xx.o        428
    -----------------------------------------------
    Total:                  1 448        1        1

command line: [2]
    -----------------------------------------------
    Total:

dl7M_tln.a: [3]
    exit.o                      4
    low_level_init.o            4
    -----------------------------------------------
    Total:                      8

m7M_tls.a: [4]
    fpinit_M.o                 34
    -----------------------------------------------
    Total:                     34

rt7M_tl.a: [5]
    cexit.o                    10
    cmain.o                    26
    copy_init3.o               44
    cstartup_M.o               12
    data_init.o                40
    -----------------------------------------------
    Total:                    132

shb_l.a: [6]
    exit.o                     20
    -----------------------------------------------
    Total:                     20

    Gaps                        4        2
    Linker created                      23    8 192
---------------------------------------------------
    Grand Total:            1 646       26    8 193


*******************************************************************************
*** ENTRY LIST
***

Entry                      Address  Size  Type      Object
-----                      -------  ----  ----      ------
.iar.init_table$$Base   0x080004a4         --   Gb  - Linker created -
.iar.init_table$$Limit  0x080004b8         --   Gb  - Linker created -
?main                   0x080004b9        Code  Gb  cmain.o [5]
CSTACK$$Base            0x10000000         --   Gb  - Linker created -
CSTACK$$Limit           0x10002000         --   Gb  - Linker created -
MCO_init                0x080003bf  0x38  Code  Gb  main.o [1]
Region$$Table$$Base     0x080004a4         --   Gb  - Linker created -
Region$$Table$$Limit    0x080004b8         --   Gb  - Linker created -
SetSysClock             0x0800023f  0xce  Code  Lc  system_stm32f4xx.o [1]
SystemInit              0x08000189  0xb6  Code  Gb  system_stm32f4xx.o [1]
USART2_init             0x08000361  0x5e  Code  Gb  main.o [1]
__cmain                 0x080004b9        Code  Gb  cmain.o [5]
__exit                  0x080004e9  0x14  Code  Gb  exit.o [6]
__iar_copy_init3        0x0800042d  0x2c  Code  Gb  copy_init3.o [5]
__iar_data_init3        0x08000459  0x28  Code  Gb  data_init.o [5]
__iar_init_vfp          0x08000481        Code  Gb  fpinit_M.o [4]
__iar_program_start     0x0800050d        Code  Gb  cstartup_M.o [5]
__low_level_init        0x080004d3   0x4  Code  Gb  low_level_init.o [3]
__vector_table          0x08000000        Data  Gb  startup_stm32f40xx.o [1]
_call_main              0x080004c5        Code  Gb  cmain.o [5]
_exit                   0x080004dd        Code  Gb  cexit.o [5]
_main                   0x080004cf        Code  Gb  cmain.o [5]
d                       0x20000000   0x1  Data  Gb  main.o [1]
exit                    0x080004d7   0x4  Code  Gb  exit.o [3]
main                    0x08000335  0x2c  Code  Gb  main.o [1]


[1] = D:\Study\STM32\IAR_TEST\Debug\Obj
[2] = command line
[3] = dl7M_tln.a
[4] = m7M_tls.a
[5] = rt7M_tl.a
[6] = shb_l.a

  1 646 bytes of readonly  code memory
     26 bytes of readonly  data memory
  8 193 bytes of readwrite data memory

Errors: none
Warnings: none
