Archive member included to satisfy reference by file (symbol)

/opt/Atollic_TrueSTUDIO_for_STM32_x86_64_9.3.0/ARMTools/bin/../lib/gcc/arm-atollic-eabi/6.3.1/../../../../arm-atollic-eabi/lib/armv7e-m/fpu/libc_nano.a(lib_a-init.o)
                              Startup/startup_stm32f407xx.o (__libc_init_array)

Memory Configuration

Name             Origin             Length             Attributes
FLASH            0x0000000008000000 0x0000000000100000 xr
RAM              0x0000000020000000 0x0000000000020000 xrw
MEMORY_B1        0x0000000060000000 0x0000000000000000 xr
CCMRAM           0x0000000010000000 0x0000000000010000 rw
*default*        0x0000000000000000 0xffffffffffffffff

Linker script and memory map

LOAD /opt/Atollic_TrueSTUDIO_for_STM32_x86_64_9.3.0/ARMTools/bin/../lib/gcc/arm-atollic-eabi/6.3.1/armv7e-m/fpu/crti.o
LOAD /opt/Atollic_TrueSTUDIO_for_STM32_x86_64_9.3.0/ARMTools/bin/../lib/gcc/arm-atollic-eabi/6.3.1/armv7e-m/fpu/crtbegin.o
LOAD CMSIS/src/core_cm4.o
LOAD CMSIS/src/system_stm32f4xx.o
LOAD Code/src/main.o
LOAD Startup/startup_stm32f407xx.o
                0x0000000000000080                malloc_getpagesize_P = 0x80
START GROUP
LOAD /opt/Atollic_TrueSTUDIO_for_STM32_x86_64_9.3.0/ARMTools/bin/../lib/gcc/arm-atollic-eabi/6.3.1/../../../../arm-atollic-eabi/lib/armv7e-m/fpu/libc_nano.a
LOAD /opt/Atollic_TrueSTUDIO_for_STM32_x86_64_9.3.0/ARMTools/bin/../lib/gcc/arm-atollic-eabi/6.3.1/../../../../arm-atollic-eabi/lib/armv7e-m/fpu/libm.a
END GROUP
START GROUP
LOAD /opt/Atollic_TrueSTUDIO_for_STM32_x86_64_9.3.0/ARMTools/bin/../lib/gcc/arm-atollic-eabi/6.3.1/armv7e-m/fpu/libgcc.a
LOAD /opt/Atollic_TrueSTUDIO_for_STM32_x86_64_9.3.0/ARMTools/bin/../lib/gcc/arm-atollic-eabi/6.3.1/../../../../arm-atollic-eabi/lib/armv7e-m/fpu/libc_nano.a
END GROUP
START GROUP
LOAD /opt/Atollic_TrueSTUDIO_for_STM32_x86_64_9.3.0/ARMTools/bin/../lib/gcc/arm-atollic-eabi/6.3.1/armv7e-m/fpu/libgcc.a
LOAD /opt/Atollic_TrueSTUDIO_for_STM32_x86_64_9.3.0/ARMTools/bin/../lib/gcc/arm-atollic-eabi/6.3.1/../../../../arm-atollic-eabi/lib/armv7e-m/fpu/libc_nano.a
LOAD /opt/Atollic_TrueSTUDIO_for_STM32_x86_64_9.3.0/ARMTools/bin/../lib/gcc/arm-atollic-eabi/6.3.1/../../../../arm-atollic-eabi/lib/armv7e-m/fpu/libnosys.a
END GROUP
START GROUP
LOAD /opt/Atollic_TrueSTUDIO_for_STM32_x86_64_9.3.0/ARMTools/bin/../lib/gcc/arm-atollic-eabi/6.3.1/armv7e-m/fpu/libgcc.a
LOAD /opt/Atollic_TrueSTUDIO_for_STM32_x86_64_9.3.0/ARMTools/bin/../lib/gcc/arm-atollic-eabi/6.3.1/../../../../arm-atollic-eabi/lib/armv7e-m/fpu/libc_nano.a
LOAD /opt/Atollic_TrueSTUDIO_for_STM32_x86_64_9.3.0/ARMTools/bin/../lib/gcc/arm-atollic-eabi/6.3.1/../../../../arm-atollic-eabi/lib/armv7e-m/fpu/libnosys.a
END GROUP
LOAD /opt/Atollic_TrueSTUDIO_for_STM32_x86_64_9.3.0/ARMTools/bin/../lib/gcc/arm-atollic-eabi/6.3.1/armv7e-m/fpu/crtend.o
LOAD /opt/Atollic_TrueSTUDIO_for_STM32_x86_64_9.3.0/ARMTools/bin/../lib/gcc/arm-atollic-eabi/6.3.1/armv7e-m/fpu/crtn.o
                0x0000000020020000                _estack = 0x20020000
                0x0000000000000000                _Min_Heap_Size = 0x0
                0x0000000000000400                _Min_Stack_Size = 0x400

.isr_vector     0x0000000008000000      0x188
                0x0000000008000000                . = ALIGN (0x4)
 *(.isr_vector)
 .isr_vector    0x0000000008000000      0x188 Startup/startup_stm32f407xx.o
                0x0000000008000000                g_pfnVectors
                0x0000000008000188                . = ALIGN (0x4)

.text           0x0000000008000188      0x4e4
                0x0000000008000188                . = ALIGN (0x4)
 *(.text)
 .text          0x0000000008000188        0x0 /opt/Atollic_TrueSTUDIO_for_STM32_x86_64_9.3.0/ARMTools/bin/../lib/gcc/arm-atollic-eabi/6.3.1/armv7e-m/fpu/crti.o
 .text          0x0000000008000188       0x40 /opt/Atollic_TrueSTUDIO_for_STM32_x86_64_9.3.0/ARMTools/bin/../lib/gcc/arm-atollic-eabi/6.3.1/armv7e-m/fpu/crtbegin.o
 .text          0x00000000080001c8        0x0 CMSIS/src/core_cm4.o
 .text          0x00000000080001c8      0x25c CMSIS/src/system_stm32f4xx.o
                0x00000000080001c8                SystemInit
                0x0000000008000234                SystemCoreClockUpdate
 .text          0x0000000008000424      0x17c Code/src/main.o
                0x00000000080004bc                SysTick_Handler
                0x00000000080004e0                delay
                0x0000000008000508                setup
                0x000000000800055c                blink
                0x0000000008000590                main
 .text          0x00000000080005a0       0x14 Startup/startup_stm32f407xx.o
 .text          0x00000000080005b4        0x0 /opt/Atollic_TrueSTUDIO_for_STM32_x86_64_9.3.0/ARMTools/bin/../lib/gcc/arm-atollic-eabi/6.3.1/../../../../arm-atollic-eabi/lib/armv7e-m/fpu/libc_nano.a(lib_a-init.o)
 .text          0x00000000080005b4        0x0 /opt/Atollic_TrueSTUDIO_for_STM32_x86_64_9.3.0/ARMTools/bin/../lib/gcc/arm-atollic-eabi/6.3.1/armv7e-m/fpu/crtend.o
 .text          0x00000000080005b4        0x0 /opt/Atollic_TrueSTUDIO_for_STM32_x86_64_9.3.0/ARMTools/bin/../lib/gcc/arm-atollic-eabi/6.3.1/armv7e-m/fpu/crtn.o
 *(.text*)
 .text.Reset_Handler
                0x00000000080005b4       0x50 Startup/startup_stm32f407xx.o
                0x00000000080005b4                Reset_Handler
 .text.Default_Handler
                0x0000000008000604        0x2 Startup/startup_stm32f407xx.o
                0x0000000008000604                RTC_Alarm_IRQHandler
                0x0000000008000604                HASH_RNG_IRQHandler
                0x0000000008000604                EXTI2_IRQHandler
                0x0000000008000604                TIM8_CC_IRQHandler
                0x0000000008000604                DebugMon_Handler
                0x0000000008000604                TIM1_CC_IRQHandler
                0x0000000008000604                DMA2_Stream5_IRQHandler
                0x0000000008000604                HardFault_Handler
                0x0000000008000604                DMA1_Stream5_IRQHandler
                0x0000000008000604                PVD_IRQHandler
                0x0000000008000604                SDIO_IRQHandler
                0x0000000008000604                TAMP_STAMP_IRQHandler
                0x0000000008000604                PendSV_Handler
                0x0000000008000604                NMI_Handler
                0x0000000008000604                CAN2_RX1_IRQHandler
                0x0000000008000604                EXTI3_IRQHandler
                0x0000000008000604                TIM8_TRG_COM_TIM14_IRQHandler
                0x0000000008000604                TIM1_UP_TIM10_IRQHandler
                0x0000000008000604                TIM8_UP_TIM13_IRQHandler
                0x0000000008000604                I2C3_ER_IRQHandler
                0x0000000008000604                EXTI0_IRQHandler
                0x0000000008000604                I2C2_EV_IRQHandler
                0x0000000008000604                DMA1_Stream2_IRQHandler
                0x0000000008000604                CAN1_RX0_IRQHandler
                0x0000000008000604                FPU_IRQHandler
                0x0000000008000604                OTG_HS_WKUP_IRQHandler
                0x0000000008000604                UsageFault_Handler
                0x0000000008000604                CAN2_SCE_IRQHandler
                0x0000000008000604                DMA2_Stream2_IRQHandler
                0x0000000008000604                SPI1_IRQHandler
                0x0000000008000604                TIM6_DAC_IRQHandler
                0x0000000008000604                TIM1_BRK_TIM9_IRQHandler
                0x0000000008000604                DCMI_IRQHandler
                0x0000000008000604                CAN2_RX0_IRQHandler
                0x0000000008000604                DMA2_Stream3_IRQHandler
                0x0000000008000604                USART6_IRQHandler
                0x0000000008000604                USART3_IRQHandler
                0x0000000008000604                CAN1_RX1_IRQHandler
                0x0000000008000604                UART5_IRQHandler
                0x0000000008000604                DMA2_Stream0_IRQHandler
                0x0000000008000604                TIM4_IRQHandler
                0x0000000008000604                I2C1_EV_IRQHandler
                0x0000000008000604                DMA1_Stream6_IRQHandler
                0x0000000008000604                DMA1_Stream1_IRQHandler
                0x0000000008000604                UART4_IRQHandler
                0x0000000008000604                TIM3_IRQHandler
                0x0000000008000604                RCC_IRQHandler
                0x0000000008000604                TIM8_BRK_TIM12_IRQHandler
                0x0000000008000604                Default_Handler
                0x0000000008000604                EXTI15_10_IRQHandler
                0x0000000008000604                ADC_IRQHandler
                0x0000000008000604                DMA1_Stream7_IRQHandler
                0x0000000008000604                TIM7_IRQHandler
                0x0000000008000604                CAN2_TX_IRQHandler
                0x0000000008000604                TIM5_IRQHandler
                0x0000000008000604                DMA2_Stream7_IRQHandler
                0x0000000008000604                I2C3_EV_IRQHandler
                0x0000000008000604                EXTI9_5_IRQHandler
                0x0000000008000604                RTC_WKUP_IRQHandler
                0x0000000008000604                ETH_WKUP_IRQHandler
                0x0000000008000604                SPI2_IRQHandler
                0x0000000008000604                OTG_HS_EP1_IN_IRQHandler
                0x0000000008000604                MemManage_Handler
                0x0000000008000604                DMA1_Stream0_IRQHandler
                0x0000000008000604                CAN1_TX_IRQHandler
                0x0000000008000604                SVC_Handler
                0x0000000008000604                EXTI4_IRQHandler
                0x0000000008000604                FSMC_IRQHandler
                0x0000000008000604                ETH_IRQHandler
                0x0000000008000604                OTG_HS_EP1_OUT_IRQHandler
                0x0000000008000604                WWDG_IRQHandler
                0x0000000008000604                TIM2_IRQHandler
                0x0000000008000604                OTG_FS_WKUP_IRQHandler
                0x0000000008000604                TIM1_TRG_COM_TIM11_IRQHandler
                0x0000000008000604                OTG_HS_IRQHandler
                0x0000000008000604                EXTI1_IRQHandler
                0x0000000008000604                USART2_IRQHandler
                0x0000000008000604                I2C2_ER_IRQHandler
                0x0000000008000604                DMA2_Stream1_IRQHandler
                0x0000000008000604                CAN1_SCE_IRQHandler
                0x0000000008000604                FLASH_IRQHandler
                0x0000000008000604                DMA2_Stream4_IRQHandler
                0x0000000008000604                BusFault_Handler
                0x0000000008000604                USART1_IRQHandler
                0x0000000008000604                OTG_FS_IRQHandler
                0x0000000008000604                SPI3_IRQHandler
                0x0000000008000604                DMA1_Stream4_IRQHandler
                0x0000000008000604                I2C1_ER_IRQHandler
                0x0000000008000604                DMA2_Stream6_IRQHandler
                0x0000000008000604                DMA1_Stream3_IRQHandler
 *fill*         0x0000000008000606        0x2 
 .text.__libc_init_array
                0x0000000008000608       0x48 /opt/Atollic_TrueSTUDIO_for_STM32_x86_64_9.3.0/ARMTools/bin/../lib/gcc/arm-atollic-eabi/6.3.1/../../../../arm-atollic-eabi/lib/armv7e-m/fpu/libc_nano.a(lib_a-init.o)
                0x0000000008000608                __libc_init_array
 *(.glue_7)
 .glue_7        0x0000000008000650        0x0 linker stubs
 *(.glue_7t)
 .glue_7t       0x0000000008000650        0x0 linker stubs
 *(.eh_frame)
 .eh_frame      0x0000000008000650        0x0 /opt/Atollic_TrueSTUDIO_for_STM32_x86_64_9.3.0/ARMTools/bin/../lib/gcc/arm-atollic-eabi/6.3.1/armv7e-m/fpu/crtbegin.o
 .eh_frame      0x0000000008000650        0x4 /opt/Atollic_TrueSTUDIO_for_STM32_x86_64_9.3.0/ARMTools/bin/../lib/gcc/arm-atollic-eabi/6.3.1/armv7e-m/fpu/crtend.o
 *(.init)
 .init          0x0000000008000654        0x4 /opt/Atollic_TrueSTUDIO_for_STM32_x86_64_9.3.0/ARMTools/bin/../lib/gcc/arm-atollic-eabi/6.3.1/armv7e-m/fpu/crti.o
                0x0000000008000654                _init
 .init          0x0000000008000658        0x8 /opt/Atollic_TrueSTUDIO_for_STM32_x86_64_9.3.0/ARMTools/bin/../lib/gcc/arm-atollic-eabi/6.3.1/armv7e-m/fpu/crtn.o
 *(.fini)
 .fini          0x0000000008000660        0x4 /opt/Atollic_TrueSTUDIO_for_STM32_x86_64_9.3.0/ARMTools/bin/../lib/gcc/arm-atollic-eabi/6.3.1/armv7e-m/fpu/crti.o
                0x0000000008000660                _fini
 .fini          0x0000000008000664        0x8 /opt/Atollic_TrueSTUDIO_for_STM32_x86_64_9.3.0/ARMTools/bin/../lib/gcc/arm-atollic-eabi/6.3.1/armv7e-m/fpu/crtn.o
                0x000000000800066c                . = ALIGN (0x4)
                0x000000000800066c                _etext = .

.vfp11_veneer   0x000000000800066c        0x0
 .vfp11_veneer  0x000000000800066c        0x0 linker stubs

.v4_bx          0x000000000800066c        0x0
 .v4_bx         0x000000000800066c        0x0 linker stubs

.iplt           0x000000000800066c        0x0
 .iplt          0x000000000800066c        0x0 /opt/Atollic_TrueSTUDIO_for_STM32_x86_64_9.3.0/ARMTools/bin/../lib/gcc/arm-atollic-eabi/6.3.1/armv7e-m/fpu/crtbegin.o

.rel.dyn        0x000000000800066c        0x0
 .rel.iplt      0x000000000800066c        0x0 /opt/Atollic_TrueSTUDIO_for_STM32_x86_64_9.3.0/ARMTools/bin/../lib/gcc/arm-atollic-eabi/6.3.1/armv7e-m/fpu/crtbegin.o

.rodata         0x000000000800066c        0x0
                0x000000000800066c                . = ALIGN (0x4)
 *(.rodata)
 *(.rodata*)
                0x000000000800066c                . = ALIGN (0x4)

.ARM.extab
 *(.ARM.extab* .gnu.linkonce.armextab.*)

.ARM            0x000000000800066c        0x0
                0x000000000800066c                __exidx_start = .
 *(.ARM.exidx*)
                0x000000000800066c                __exidx_end = .

.preinit_array  0x000000000800066c        0x0
                0x000000000800066c                PROVIDE (__preinit_array_start, .)
 *(.preinit_array*)
                0x000000000800066c                PROVIDE (__preinit_array_end, .)

.init_array     0x000000000800066c        0x4
                0x000000000800066c                PROVIDE (__init_array_start, .)
 *(SORT(.init_array.*))
 *(.init_array*)
 .init_array    0x000000000800066c        0x4 /opt/Atollic_TrueSTUDIO_for_STM32_x86_64_9.3.0/ARMTools/bin/../lib/gcc/arm-atollic-eabi/6.3.1/armv7e-m/fpu/crtbegin.o
                0x0000000008000670                PROVIDE (__init_array_end, .)

.fini_array     0x0000000008000670        0x4
                [!provide]                        PROVIDE (__fini_array_start, .)
 *(SORT(.fini_array.*))
 *(.fini_array*)
 .fini_array    0x0000000008000670        0x4 /opt/Atollic_TrueSTUDIO_for_STM32_x86_64_9.3.0/ARMTools/bin/../lib/gcc/arm-atollic-eabi/6.3.1/armv7e-m/fpu/crtbegin.o
                [!provide]                        PROVIDE (__fini_array_end, .)
                0x0000000008000674                _sidata = LOADADDR (.data)

.data           0x0000000020000000       0x18 load address 0x0000000008000674
                0x0000000020000000                . = ALIGN (0x4)
                0x0000000020000000                _sdata = .
 *(.data)
 .data          0x0000000020000000        0x0 /opt/Atollic_TrueSTUDIO_for_STM32_x86_64_9.3.0/ARMTools/bin/../lib/gcc/arm-atollic-eabi/6.3.1/armv7e-m/fpu/crti.o
 .data          0x0000000020000000        0x4 /opt/Atollic_TrueSTUDIO_for_STM32_x86_64_9.3.0/ARMTools/bin/../lib/gcc/arm-atollic-eabi/6.3.1/armv7e-m/fpu/crtbegin.o
                0x0000000020000000                __dso_handle
 .data          0x0000000020000004        0x0 CMSIS/src/core_cm4.o
 .data          0x0000000020000004       0x14 CMSIS/src/system_stm32f4xx.o
                0x0000000020000004                SystemCoreClock
                0x0000000020000008                AHBPrescTable
 .data          0x0000000020000018        0x0 Code/src/main.o
 .data          0x0000000020000018        0x0 Startup/startup_stm32f407xx.o
 .data          0x0000000020000018        0x0 /opt/Atollic_TrueSTUDIO_for_STM32_x86_64_9.3.0/ARMTools/bin/../lib/gcc/arm-atollic-eabi/6.3.1/../../../../arm-atollic-eabi/lib/armv7e-m/fpu/libc_nano.a(lib_a-init.o)
 .data          0x0000000020000018        0x0 /opt/Atollic_TrueSTUDIO_for_STM32_x86_64_9.3.0/ARMTools/bin/../lib/gcc/arm-atollic-eabi/6.3.1/armv7e-m/fpu/crtend.o
 .data          0x0000000020000018        0x0 /opt/Atollic_TrueSTUDIO_for_STM32_x86_64_9.3.0/ARMTools/bin/../lib/gcc/arm-atollic-eabi/6.3.1/armv7e-m/fpu/crtn.o
 *(.data*)
                0x0000000020000018                . = ALIGN (0x4)
                0x0000000020000018                _edata = .
                0x000000000800068c                _siccmram = LOADADDR (.ccmram)

.igot.plt       0x0000000020000018        0x0 load address 0x000000000800068c
 .igot.plt      0x0000000020000018        0x0 /opt/Atollic_TrueSTUDIO_for_STM32_x86_64_9.3.0/ARMTools/bin/../lib/gcc/arm-atollic-eabi/6.3.1/armv7e-m/fpu/crtbegin.o

.ccmram         0x0000000010000000        0x0 load address 0x000000000800068c
                0x0000000010000000                . = ALIGN (0x4)
                0x0000000010000000                _sccmram = .
 *(.ccmram)
 *(.ccmram*)
                0x0000000010000000                . = ALIGN (0x4)
                0x0000000010000000                _eccmram = .
                0x0000000010000000                . = ALIGN (0x4)

.bss            0x0000000020000018       0x20
                0x0000000020000018                _sbss = .
                0x0000000020000018                __bss_start__ = _sbss
 *(.bss)
 .bss           0x0000000020000018        0x0 /opt/Atollic_TrueSTUDIO_for_STM32_x86_64_9.3.0/ARMTools/bin/../lib/gcc/arm-atollic-eabi/6.3.1/armv7e-m/fpu/crti.o
 .bss           0x0000000020000018       0x1c /opt/Atollic_TrueSTUDIO_for_STM32_x86_64_9.3.0/ARMTools/bin/../lib/gcc/arm-atollic-eabi/6.3.1/armv7e-m/fpu/crtbegin.o
 .bss           0x0000000020000034        0x0 CMSIS/src/core_cm4.o
 .bss           0x0000000020000034        0x0 CMSIS/src/system_stm32f4xx.o
 .bss           0x0000000020000034        0x4 Code/src/main.o
                0x0000000020000034                delay_counter
 .bss           0x0000000020000038        0x0 Startup/startup_stm32f407xx.o
 .bss           0x0000000020000038        0x0 /opt/Atollic_TrueSTUDIO_for_STM32_x86_64_9.3.0/ARMTools/bin/../lib/gcc/arm-atollic-eabi/6.3.1/../../../../arm-atollic-eabi/lib/armv7e-m/fpu/libc_nano.a(lib_a-init.o)
 .bss           0x0000000020000038        0x0 /opt/Atollic_TrueSTUDIO_for_STM32_x86_64_9.3.0/ARMTools/bin/../lib/gcc/arm-atollic-eabi/6.3.1/armv7e-m/fpu/crtend.o
 .bss           0x0000000020000038        0x0 /opt/Atollic_TrueSTUDIO_for_STM32_x86_64_9.3.0/ARMTools/bin/../lib/gcc/arm-atollic-eabi/6.3.1/armv7e-m/fpu/crtn.o
 *(.bss*)
 *(COMMON)
                0x0000000020000038                . = ALIGN (0x4)
                0x0000000020000038                _ebss = .
                0x0000000020000038                __bss_end__ = _ebss

._user_heap_stack
                0x0000000020000038      0x400
                0x0000000020000038                . = ALIGN (0x4)
                [!provide]                        PROVIDE (end, .)
                [!provide]                        PROVIDE (_end, .)
                0x0000000020000038                . = (. + _Min_Heap_Size)
                0x0000000020000438                . = (. + _Min_Stack_Size)
 *fill*         0x0000000020000038      0x400 
                0x0000000020000438                . = ALIGN (0x4)

.memory_b1_text
 *(.mb1text)
 *(.mb1text*)
 *(.mb1rodata)
 *(.mb1rodata*)

/DISCARD/
 libc.a(*)
 libm.a(*)
 libgcc.a(*)

.ARM.attributes
                0x0000000000000000       0x30
 *(.ARM.attributes)
 .ARM.attributes
                0x0000000000000000       0x22 /opt/Atollic_TrueSTUDIO_for_STM32_x86_64_9.3.0/ARMTools/bin/../lib/gcc/arm-atollic-eabi/6.3.1/armv7e-m/fpu/crti.o
 .ARM.attributes
                0x0000000000000022       0x34 /opt/Atollic_TrueSTUDIO_for_STM32_x86_64_9.3.0/ARMTools/bin/../lib/gcc/arm-atollic-eabi/6.3.1/armv7e-m/fpu/crtbegin.o
 .ARM.attributes
                0x0000000000000056       0x39 CMSIS/src/core_cm4.o
 .ARM.attributes
                0x000000000000008f       0x39 CMSIS/src/system_stm32f4xx.o
 .ARM.attributes
                0x00000000000000c8       0x39 Code/src/main.o
 .ARM.attributes
                0x0000000000000101       0x21 Startup/startup_stm32f407xx.o
 .ARM.attributes
                0x0000000000000122       0x34 /opt/Atollic_TrueSTUDIO_for_STM32_x86_64_9.3.0/ARMTools/bin/../lib/gcc/arm-atollic-eabi/6.3.1/../../../../arm-atollic-eabi/lib/armv7e-m/fpu/libc_nano.a(lib_a-init.o)
 .ARM.attributes
                0x0000000000000156       0x34 /opt/Atollic_TrueSTUDIO_for_STM32_x86_64_9.3.0/ARMTools/bin/../lib/gcc/arm-atollic-eabi/6.3.1/armv7e-m/fpu/crtend.o
 .ARM.attributes
                0x000000000000018a       0x22 /opt/Atollic_TrueSTUDIO_for_STM32_x86_64_9.3.0/ARMTools/bin/../lib/gcc/arm-atollic-eabi/6.3.1/armv7e-m/fpu/crtn.o
OUTPUT(tempPrj.elf elf32-littlearm)

.debug_line     0x0000000000000000      0x42e
 .debug_line    0x0000000000000000        0x0 CMSIS/src/core_cm4.o
 .debug_line    0x0000000000000000      0x1f0 CMSIS/src/system_stm32f4xx.o
 .debug_line    0x00000000000001f0      0x1bf Code/src/main.o
 .debug_line    0x00000000000003af       0x7f Startup/startup_stm32f407xx.o

.debug_str      0x0000000000000000      0x9c4
 .debug_str     0x0000000000000000       0xf2 CMSIS/src/core_cm4.o
 .debug_str     0x00000000000000f2      0x2d4 CMSIS/src/system_stm32f4xx.o
                                        0x40e (size before relaxing)
 .debug_str     0x00000000000003c6      0x5fe Code/src/main.o
                                        0x934 (size before relaxing)

.comment        0x0000000000000000       0x7c
 .comment       0x0000000000000000       0x7c CMSIS/src/core_cm4.o
                                         0x7d (size before relaxing)
 .comment       0x000000000000007c       0x7d CMSIS/src/system_stm32f4xx.o
 .comment       0x000000000000007c       0x7d Code/src/main.o

.debug_info     0x0000000000000000     0x1006
 .debug_info    0x0000000000000000      0x614 CMSIS/src/system_stm32f4xx.o
 .debug_info    0x0000000000000614      0x976 Code/src/main.o
 .debug_info    0x0000000000000f8a       0x7c Startup/startup_stm32f407xx.o

.debug_abbrev   0x0000000000000000      0x32f
 .debug_abbrev  0x0000000000000000      0x158 CMSIS/src/system_stm32f4xx.o
 .debug_abbrev  0x0000000000000158      0x1c5 Code/src/main.o
 .debug_abbrev  0x000000000000031d       0x12 Startup/startup_stm32f407xx.o

.debug_aranges  0x0000000000000000       0x68
 .debug_aranges
                0x0000000000000000       0x20 CMSIS/src/system_stm32f4xx.o
 .debug_aranges
                0x0000000000000020       0x20 Code/src/main.o
 .debug_aranges
                0x0000000000000040       0x28 Startup/startup_stm32f407xx.o

.debug_frame    0x0000000000000000      0x1a0
 .debug_frame   0x0000000000000000       0x7c CMSIS/src/system_stm32f4xx.o
 .debug_frame   0x000000000000007c       0xf8 Code/src/main.o
 .debug_frame   0x0000000000000174       0x2c /opt/Atollic_TrueSTUDIO_for_STM32_x86_64_9.3.0/ARMTools/bin/../lib/gcc/arm-atollic-eabi/6.3.1/../../../../arm-atollic-eabi/lib/armv7e-m/fpu/libc_nano.a(lib_a-init.o)

.debug_ranges   0x0000000000000000       0x20
 .debug_ranges  0x0000000000000000       0x20 Startup/startup_stm32f407xx.o

Cross Reference Table

Symbol                                            File
ADC_IRQHandler                                    Startup/startup_stm32f407xx.o
AHBPrescTable                                     CMSIS/src/system_stm32f4xx.o
BusFault_Handler                                  Startup/startup_stm32f407xx.o
CAN1_RX0_IRQHandler                               Startup/startup_stm32f407xx.o
CAN1_RX1_IRQHandler                               Startup/startup_stm32f407xx.o
CAN1_SCE_IRQHandler                               Startup/startup_stm32f407xx.o
CAN1_TX_IRQHandler                                Startup/startup_stm32f407xx.o
CAN2_RX0_IRQHandler                               Startup/startup_stm32f407xx.o
CAN2_RX1_IRQHandler                               Startup/startup_stm32f407xx.o
CAN2_SCE_IRQHandler                               Startup/startup_stm32f407xx.o
CAN2_TX_IRQHandler                                Startup/startup_stm32f407xx.o
DCMI_IRQHandler                                   Startup/startup_stm32f407xx.o
DMA1_Stream0_IRQHandler                           Startup/startup_stm32f407xx.o
DMA1_Stream1_IRQHandler                           Startup/startup_stm32f407xx.o
DMA1_Stream2_IRQHandler                           Startup/startup_stm32f407xx.o
DMA1_Stream3_IRQHandler                           Startup/startup_stm32f407xx.o
DMA1_Stream4_IRQHandler                           Startup/startup_stm32f407xx.o
DMA1_Stream5_IRQHandler                           Startup/startup_stm32f407xx.o
DMA1_Stream6_IRQHandler                           Startup/startup_stm32f407xx.o
DMA1_Stream7_IRQHandler                           Startup/startup_stm32f407xx.o
DMA2_Stream0_IRQHandler                           Startup/startup_stm32f407xx.o
DMA2_Stream1_IRQHandler                           Startup/startup_stm32f407xx.o
DMA2_Stream2_IRQHandler                           Startup/startup_stm32f407xx.o
DMA2_Stream3_IRQHandler                           Startup/startup_stm32f407xx.o
DMA2_Stream4_IRQHandler                           Startup/startup_stm32f407xx.o
DMA2_Stream5_IRQHandler                           Startup/startup_stm32f407xx.o
DMA2_Stream6_IRQHandler                           Startup/startup_stm32f407xx.o
DMA2_Stream7_IRQHandler                           Startup/startup_stm32f407xx.o
DebugMon_Handler                                  Startup/startup_stm32f407xx.o
Default_Handler                                   Startup/startup_stm32f407xx.o
ETH_IRQHandler                                    Startup/startup_stm32f407xx.o
ETH_WKUP_IRQHandler                               Startup/startup_stm32f407xx.o
EXTI0_IRQHandler                                  Startup/startup_stm32f407xx.o
EXTI15_10_IRQHandler                              Startup/startup_stm32f407xx.o
EXTI1_IRQHandler                                  Startup/startup_stm32f407xx.o
EXTI2_IRQHandler                                  Startup/startup_stm32f407xx.o
EXTI3_IRQHandler                                  Startup/startup_stm32f407xx.o
EXTI4_IRQHandler                                  Startup/startup_stm32f407xx.o
EXTI9_5_IRQHandler                                Startup/startup_stm32f407xx.o
FLASH_IRQHandler                                  Startup/startup_stm32f407xx.o
FPU_IRQHandler                                    Startup/startup_stm32f407xx.o
FSMC_IRQHandler                                   Startup/startup_stm32f407xx.o
HASH_RNG_IRQHandler                               Startup/startup_stm32f407xx.o
HardFault_Handler                                 Startup/startup_stm32f407xx.o
I2C1_ER_IRQHandler                                Startup/startup_stm32f407xx.o
I2C1_EV_IRQHandler                                Startup/startup_stm32f407xx.o
I2C2_ER_IRQHandler                                Startup/startup_stm32f407xx.o
I2C2_EV_IRQHandler                                Startup/startup_stm32f407xx.o
I2C3_ER_IRQHandler                                Startup/startup_stm32f407xx.o
I2C3_EV_IRQHandler                                Startup/startup_stm32f407xx.o
MemManage_Handler                                 Startup/startup_stm32f407xx.o
NMI_Handler                                       Startup/startup_stm32f407xx.o
OTG_FS_IRQHandler                                 Startup/startup_stm32f407xx.o
OTG_FS_WKUP_IRQHandler                            Startup/startup_stm32f407xx.o
OTG_HS_EP1_IN_IRQHandler                          Startup/startup_stm32f407xx.o
OTG_HS_EP1_OUT_IRQHandler                         Startup/startup_stm32f407xx.o
OTG_HS_IRQHandler                                 Startup/startup_stm32f407xx.o
OTG_HS_WKUP_IRQHandler                            Startup/startup_stm32f407xx.o
PVD_IRQHandler                                    Startup/startup_stm32f407xx.o
PendSV_Handler                                    Startup/startup_stm32f407xx.o
RCC_IRQHandler                                    Startup/startup_stm32f407xx.o
RTC_Alarm_IRQHandler                              Startup/startup_stm32f407xx.o
RTC_WKUP_IRQHandler                               Startup/startup_stm32f407xx.o
Reset_Handler                                     Startup/startup_stm32f407xx.o
SDIO_IRQHandler                                   Startup/startup_stm32f407xx.o
SPI1_IRQHandler                                   Startup/startup_stm32f407xx.o
SPI2_IRQHandler                                   Startup/startup_stm32f407xx.o
SPI3_IRQHandler                                   Startup/startup_stm32f407xx.o
SVC_Handler                                       Startup/startup_stm32f407xx.o
SysTick_Handler                                   Code/src/main.o
SystemCoreClock                                   CMSIS/src/system_stm32f4xx.o
                                                  Code/src/main.o
SystemCoreClockUpdate                             CMSIS/src/system_stm32f4xx.o
                                                  Code/src/main.o
SystemInit                                        CMSIS/src/system_stm32f4xx.o
                                                  Startup/startup_stm32f407xx.o
TAMP_STAMP_IRQHandler                             Startup/startup_stm32f407xx.o
TIM1_BRK_TIM9_IRQHandler                          Startup/startup_stm32f407xx.o
TIM1_CC_IRQHandler                                Startup/startup_stm32f407xx.o
TIM1_TRG_COM_TIM11_IRQHandler                     Startup/startup_stm32f407xx.o
TIM1_UP_TIM10_IRQHandler                          Startup/startup_stm32f407xx.o
TIM2_IRQHandler                                   Startup/startup_stm32f407xx.o
TIM3_IRQHandler                                   Startup/startup_stm32f407xx.o
TIM4_IRQHandler                                   Startup/startup_stm32f407xx.o
TIM5_IRQHandler                                   Startup/startup_stm32f407xx.o
TIM6_DAC_IRQHandler                               Startup/startup_stm32f407xx.o
TIM7_IRQHandler                                   Startup/startup_stm32f407xx.o
TIM8_BRK_TIM12_IRQHandler                         Startup/startup_stm32f407xx.o
TIM8_CC_IRQHandler                                Startup/startup_stm32f407xx.o
TIM8_TRG_COM_TIM14_IRQHandler                     Startup/startup_stm32f407xx.o
TIM8_UP_TIM13_IRQHandler                          Startup/startup_stm32f407xx.o
UART4_IRQHandler                                  Startup/startup_stm32f407xx.o
UART5_IRQHandler                                  Startup/startup_stm32f407xx.o
USART1_IRQHandler                                 Startup/startup_stm32f407xx.o
USART2_IRQHandler                                 Startup/startup_stm32f407xx.o
USART3_IRQHandler                                 Startup/startup_stm32f407xx.o
USART6_IRQHandler                                 Startup/startup_stm32f407xx.o
UsageFault_Handler                                Startup/startup_stm32f407xx.o
WWDG_IRQHandler                                   Startup/startup_stm32f407xx.o
__deregister_frame_info                           /opt/Atollic_TrueSTUDIO_for_STM32_x86_64_9.3.0/ARMTools/bin/../lib/gcc/arm-atollic-eabi/6.3.1/armv7e-m/fpu/crtbegin.o
__dso_handle                                      /opt/Atollic_TrueSTUDIO_for_STM32_x86_64_9.3.0/ARMTools/bin/../lib/gcc/arm-atollic-eabi/6.3.1/armv7e-m/fpu/crtbegin.o
__init_array_end                                  /opt/Atollic_TrueSTUDIO_for_STM32_x86_64_9.3.0/ARMTools/bin/../lib/gcc/arm-atollic-eabi/6.3.1/../../../../arm-atollic-eabi/lib/armv7e-m/fpu/libc_nano.a(lib_a-init.o)
__init_array_start                                /opt/Atollic_TrueSTUDIO_for_STM32_x86_64_9.3.0/ARMTools/bin/../lib/gcc/arm-atollic-eabi/6.3.1/../../../../arm-atollic-eabi/lib/armv7e-m/fpu/libc_nano.a(lib_a-init.o)
__libc_init_array                                 /opt/Atollic_TrueSTUDIO_for_STM32_x86_64_9.3.0/ARMTools/bin/../lib/gcc/arm-atollic-eabi/6.3.1/../../../../arm-atollic-eabi/lib/armv7e-m/fpu/libc_nano.a(lib_a-init.o)
                                                  Startup/startup_stm32f407xx.o
__preinit_array_end                               /opt/Atollic_TrueSTUDIO_for_STM32_x86_64_9.3.0/ARMTools/bin/../lib/gcc/arm-atollic-eabi/6.3.1/../../../../arm-atollic-eabi/lib/armv7e-m/fpu/libc_nano.a(lib_a-init.o)
__preinit_array_start                             /opt/Atollic_TrueSTUDIO_for_STM32_x86_64_9.3.0/ARMTools/bin/../lib/gcc/arm-atollic-eabi/6.3.1/../../../../arm-atollic-eabi/lib/armv7e-m/fpu/libc_nano.a(lib_a-init.o)
__register_frame_info                             /opt/Atollic_TrueSTUDIO_for_STM32_x86_64_9.3.0/ARMTools/bin/../lib/gcc/arm-atollic-eabi/6.3.1/armv7e-m/fpu/crtbegin.o
_ebss                                             Startup/startup_stm32f407xx.o
_edata                                            Startup/startup_stm32f407xx.o
_estack                                           Startup/startup_stm32f407xx.o
_fini                                             /opt/Atollic_TrueSTUDIO_for_STM32_x86_64_9.3.0/ARMTools/bin/../lib/gcc/arm-atollic-eabi/6.3.1/armv7e-m/fpu/crti.o
_init                                             /opt/Atollic_TrueSTUDIO_for_STM32_x86_64_9.3.0/ARMTools/bin/../lib/gcc/arm-atollic-eabi/6.3.1/armv7e-m/fpu/crti.o
                                                  /opt/Atollic_TrueSTUDIO_for_STM32_x86_64_9.3.0/ARMTools/bin/../lib/gcc/arm-atollic-eabi/6.3.1/../../../../arm-atollic-eabi/lib/armv7e-m/fpu/libc_nano.a(lib_a-init.o)
_sbss                                             Startup/startup_stm32f407xx.o
_sdata                                            Startup/startup_stm32f407xx.o
_sidata                                           Startup/startup_stm32f407xx.o
blink                                             Code/src/main.o
delay                                             Code/src/main.o
delay_counter                                     Code/src/main.o
g_pfnVectors                                      Startup/startup_stm32f407xx.o
main                                              Code/src/main.o
                                                  Startup/startup_stm32f407xx.o
setup                                             Code/src/main.o
