###############################################################################
#
# IAR ELF Linker V7.80.4.12462/W32 for ARM                18/Feb/2021  09:50:26
# Copyright 2007-2017 IAR Systems AB.
#
#    Output file  =  D:\Study\STM32\SysTickTimer\Debug\Exe\SysTickTimer.out
#    Map file     =  D:\Study\STM32\SysTickTimer\Debug\List\SysTickTimer.map
#    Command line =  
#        D:\Study\STM32\SysTickTimer\Debug\Obj\core_cm4.o
#        D:\Study\STM32\SysTickTimer\Debug\Obj\main.o
#        D:\Study\STM32\SysTickTimer\Debug\Obj\startup_stm32f40xx.o
#        D:\Study\STM32\SysTickTimer\Debug\Obj\system_stm32f4xx.o -o
#        D:\Study\STM32\SysTickTimer\Debug\Exe\SysTickTimer.out --redirect
#        _Printf=_PrintfFull --redirect _Scanf=_ScanfFull --map
#        D:\Study\STM32\SysTickTimer\Debug\List\SysTickTimer.map --config
#        D:\soft\IAR\arm\config\linker\ST\stm32f407xG.icf --semihosting --entry
#        __iar_program_start --vfe
#
###############################################################################

*******************************************************************************
*** RUNTIME MODEL ATTRIBUTES
***

CppFlavor       = *
__SystemLibrary = DLib


*******************************************************************************
*** PLACEMENT SUMMARY
***

"A0":  place at 0x08000000 { ro section .intvec };
"P1":  place in [from 0x08000000 to 0x080fffff] { ro };
"P3":  place in [from 0x10000000 to 0x1000ffff] { block CSTACK, section .ccram };
"P4":  place in [from 0x20000000 to 0x2001bfff] |
                [from 0x2001c000 to 0x2001ffff] { rw, block HEAP };
initialize by copy { rw };

  Section            Kind        Address    Size  Object
  -------            ----        -------    ----  ------
"A0":                                      0x188
  .intvec            ro code  0x08000000   0x188  startup_stm32f40xx.o [1]
                            - 0x08000188   0x188

"P1":                                      0x5e8
  .text              ro code  0x08000188   0x268  system_stm32f4xx.o [1]
  .text              ro code  0x080003f0   0x114  main.o [1]
  .text              ro code  0x08000504    0x2c  copy_init3.o [5]
  .text              ro code  0x08000530    0x28  data_init.o [5]
  .text              ro code  0x08000558    0x22  fpinit_M.o [4]
  .iar.init_table    const    0x0800057c    0x14  - Linker created -
  .text              ro code  0x08000590    0x1a  cmain.o [5]
  .text              ro code  0x080005aa     0x4  low_level_init.o [3]
  .text              ro code  0x080005ae     0x4  exit.o [3]
  .text              ro code  0x080005b4     0xa  cexit.o [5]
  .text              ro code  0x080005c0    0x14  exit.o [6]
  .text              ro code  0x080005d4    0x10  startup_stm32f40xx.o [1]
  .text              ro code  0x080005e4     0xc  cstartup_M.o [5]
  .text              ro code  0x080005f0     0x4  startup_stm32f40xx.o [1]
  .text              ro code  0x080005f4     0x4  startup_stm32f40xx.o [1]
  .text              ro code  0x080005f8     0x4  startup_stm32f40xx.o [1]
  .text              ro code  0x080005fc     0x4  startup_stm32f40xx.o [1]
  .text              ro code  0x08000600     0x4  startup_stm32f40xx.o [1]
  .text              ro code  0x08000604     0x4  startup_stm32f40xx.o [1]
  .text              ro code  0x08000608     0x4  startup_stm32f40xx.o [1]
  .text              ro code  0x0800060c     0x4  startup_stm32f40xx.o [1]
  .text              ro code  0x08000610     0x4  startup_stm32f40xx.o [1]
  .text              ro code  0x08000614     0x4  startup_stm32f40xx.o [1]
  .text              ro code  0x08000618     0x4  startup_stm32f40xx.o [1]
  .text              ro code  0x0800061c     0x4  startup_stm32f40xx.o [1]
  .text              ro code  0x08000620     0x4  startup_stm32f40xx.o [1]
  .text              ro code  0x08000624     0x4  startup_stm32f40xx.o [1]
  .text              ro code  0x08000628     0x4  startup_stm32f40xx.o [1]
  .text              ro code  0x0800062c     0x4  startup_stm32f40xx.o [1]
  .text              ro code  0x08000630     0x4  startup_stm32f40xx.o [1]
  .text              ro code  0x08000634     0x4  startup_stm32f40xx.o [1]
  .text              ro code  0x08000638     0x4  startup_stm32f40xx.o [1]
  .text              ro code  0x0800063c     0x4  startup_stm32f40xx.o [1]
  .text              ro code  0x08000640     0x4  startup_stm32f40xx.o [1]
  .text              ro code  0x08000644     0x4  startup_stm32f40xx.o [1]
  .text              ro code  0x08000648     0x4  startup_stm32f40xx.o [1]
  .text              ro code  0x0800064c     0x4  startup_stm32f40xx.o [1]
  .text              ro code  0x08000650     0x4  startup_stm32f40xx.o [1]
  .text              ro code  0x08000654     0x4  startup_stm32f40xx.o [1]
  .text              ro code  0x08000658     0x4  startup_stm32f40xx.o [1]
  .text              ro code  0x0800065c     0x4  startup_stm32f40xx.o [1]
  .text              ro code  0x08000660     0x4  startup_stm32f40xx.o [1]
  .text              ro code  0x08000664     0x4  startup_stm32f40xx.o [1]
  .text              ro code  0x08000668     0x4  startup_stm32f40xx.o [1]
  .text              ro code  0x0800066c     0x4  startup_stm32f40xx.o [1]
  .text              ro code  0x08000670     0x4  startup_stm32f40xx.o [1]
  .text              ro code  0x08000674     0x4  startup_stm32f40xx.o [1]
  .text              ro code  0x08000678     0x4  startup_stm32f40xx.o [1]
  .text              ro code  0x0800067c     0x4  startup_stm32f40xx.o [1]
  .text              ro code  0x08000680     0x4  startup_stm32f40xx.o [1]
  .text              ro code  0x08000684     0x4  startup_stm32f40xx.o [1]
  .text              ro code  0x08000688     0x4  startup_stm32f40xx.o [1]
  .text              ro code  0x0800068c     0x4  startup_stm32f40xx.o [1]
  .text              ro code  0x08000690     0x4  startup_stm32f40xx.o [1]
  .text              ro code  0x08000694     0x4  startup_stm32f40xx.o [1]
  .text              ro code  0x08000698     0x4  startup_stm32f40xx.o [1]
  .text              ro code  0x0800069c     0x4  startup_stm32f40xx.o [1]
  .text              ro code  0x080006a0     0x4  startup_stm32f40xx.o [1]
  .text              ro code  0x080006a4     0x4  startup_stm32f40xx.o [1]
  .text              ro code  0x080006a8     0x4  startup_stm32f40xx.o [1]
  .text              ro code  0x080006ac     0x4  startup_stm32f40xx.o [1]
  .text              ro code  0x080006b0     0x4  startup_stm32f40xx.o [1]
  .text              ro code  0x080006b4     0x4  startup_stm32f40xx.o [1]
  .text              ro code  0x080006b8     0x4  startup_stm32f40xx.o [1]
  .text              ro code  0x080006bc     0x4  startup_stm32f40xx.o [1]
  .text              ro code  0x080006c0     0x4  startup_stm32f40xx.o [1]
  .text              ro code  0x080006c4     0x4  startup_stm32f40xx.o [1]
  .text              ro code  0x080006c8     0x4  startup_stm32f40xx.o [1]
  .text              ro code  0x080006cc     0x4  startup_stm32f40xx.o [1]
  .text              ro code  0x080006d0     0x4  startup_stm32f40xx.o [1]
  .text              ro code  0x080006d4     0x4  startup_stm32f40xx.o [1]
  .text              ro code  0x080006d8     0x4  startup_stm32f40xx.o [1]
  .text              ro code  0x080006dc     0x4  startup_stm32f40xx.o [1]
  .text              ro code  0x080006e0     0x4  startup_stm32f40xx.o [1]
  .text              ro code  0x080006e4     0x4  startup_stm32f40xx.o [1]
  .text              ro code  0x080006e8     0x4  startup_stm32f40xx.o [1]
  .text              ro code  0x080006ec     0x4  startup_stm32f40xx.o [1]
  .text              ro code  0x080006f0     0x4  startup_stm32f40xx.o [1]
  .text              ro code  0x080006f4     0x4  startup_stm32f40xx.o [1]
  .text              ro code  0x080006f8     0x4  startup_stm32f40xx.o [1]
  .text              ro code  0x080006fc     0x4  startup_stm32f40xx.o [1]
  .text              ro code  0x08000700     0x4  startup_stm32f40xx.o [1]
  .text              ro code  0x08000704     0x4  startup_stm32f40xx.o [1]
  .text              ro code  0x08000708     0x4  startup_stm32f40xx.o [1]
  .text              ro code  0x0800070c     0x4  startup_stm32f40xx.o [1]
  .text              ro code  0x08000710     0x4  startup_stm32f40xx.o [1]
  .text              ro code  0x08000714     0x4  startup_stm32f40xx.o [1]
  .text              ro code  0x08000718     0x4  startup_stm32f40xx.o [1]
  .text              ro code  0x0800071c     0x4  startup_stm32f40xx.o [1]
  .text              ro code  0x08000720     0x4  startup_stm32f40xx.o [1]
  .text              ro code  0x08000724     0x4  startup_stm32f40xx.o [1]
  .text              ro code  0x08000728     0x4  startup_stm32f40xx.o [1]
  .text              ro code  0x0800072c     0x4  startup_stm32f40xx.o [1]
  .text              ro code  0x08000730     0x4  startup_stm32f40xx.o [1]
  .text              ro code  0x08000734     0x4  startup_stm32f40xx.o [1]
  .text              ro code  0x08000738     0x4  startup_stm32f40xx.o [1]
  .text              ro code  0x0800073c     0x4  startup_stm32f40xx.o [1]
  .text              ro code  0x08000740     0x4  startup_stm32f40xx.o [1]
  .text              ro code  0x08000744     0x4  startup_stm32f40xx.o [1]
  .text              ro code  0x08000748     0x4  startup_stm32f40xx.o [1]
  .text              ro code  0x0800074c     0x4  startup_stm32f40xx.o [1]
  .text              ro code  0x08000750     0x4  startup_stm32f40xx.o [1]
  .text              ro code  0x08000754     0x4  startup_stm32f40xx.o [1]
  .rodata            const    0x08000758     0x0  copy_init3.o [5]
  Initializer bytes  const    0x08000758    0x18  <for P4 s0>
                            - 0x08000770   0x5e8

"P3":                                     0x2000
  CSTACK                      0x10000000  0x2000  <Block>
    CSTACK           uninit   0x10000000  0x2000  <Block tail>
                            - 0x10002000  0x2000

"P4":                                       0x18
  P4 s0                       0x20000000    0x18  <Init block>
    .data            inited   0x20000000    0x10  system_stm32f4xx.o [1]
    .data            inited   0x20000010     0x4  system_stm32f4xx.o [1]
    .bss             inited   0x20000014     0x4  main.o [1]
                            - 0x20000018    0x18


*******************************************************************************
*** INIT TABLE
***

          Address     Size
          -------     ----
Copy (__iar_copy_init3)
    1 source range, total size 0x18:
          0x08000758  0x18
    1 destination range, total size 0x18:
          0x20000000  0x18



*******************************************************************************
*** MODULE SUMMARY
***

    Module                ro code  ro data  rw data
    ------                -------  -------  -------
D:\Study\STM32\SysTickTimer\Debug\Obj: [1]
    main.o                    276        4        4
    startup_stm32f40xx.o      768
    system_stm32f4xx.o        616       20       20
    -----------------------------------------------
    Total:                  1 660       24       24

command line: [2]
    -----------------------------------------------
    Total:

dl7M_tln.a: [3]
    exit.o                      4
    low_level_init.o            4
    -----------------------------------------------
    Total:                      8

m7M_tls.a: [4]
    fpinit_M.o                 34
    -----------------------------------------------
    Total:                     34

rt7M_tl.a: [5]
    cexit.o                    10
    cmain.o                    26
    copy_init3.o               44
    cstartup_M.o               12
    data_init.o                40
    -----------------------------------------------
    Total:                    132

shb_l.a: [6]
    exit.o                     20
    -----------------------------------------------
    Total:                     20

    Gaps                        4        2
    Linker created                      20    8 192
---------------------------------------------------
    Grand Total:            1 858       46    8 216


*******************************************************************************
*** ENTRY LIST
***

Entry                      Address  Size  Type      Object
-----                      -------  ----  ----      ------
.iar.init_table$$Base   0x0800057c         --   Gb  - Linker created -
.iar.init_table$$Limit  0x08000590         --   Gb  - Linker created -
?main                   0x08000591        Code  Gb  cmain.o [5]
AHBPrescTable           0x20000000  0x10  Data  Gb  system_stm32f4xx.o [1]
CSTACK$$Base            0x10000000         --   Gb  - Linker created -
CSTACK$$Limit           0x10002000         --   Gb  - Linker created -
GPIO_Init               0x080004ad  0x26  Code  Gb  main.o [1]
NVIC_SetPriority        0x080003f1  0x26  Code  Lc  main.o [1]
Region$$Table$$Base     0x0800057c         --   Gb  - Linker created -
Region$$Table$$Limit    0x08000590         --   Gb  - Linker created -
SetSysClock             0x080002ed  0xce  Code  Lc  system_stm32f4xx.o [1]
SysTick_Config          0x08000417  0x30  Code  Lc  main.o [1]
SysTick_Handler         0x08000447  0x14  Code  Gb  main.o [1]
SystemCoreClock         0x20000010   0x4  Data  Gb  system_stm32f4xx.o [1]
SystemCoreClockUpdate   0x0800023f  0xae  Code  Gb  system_stm32f4xx.o [1]
SystemInit              0x08000189  0xb6  Code  Gb  system_stm32f4xx.o [1]
__cmain                 0x08000591        Code  Gb  cmain.o [5]
__exit                  0x080005c1  0x14  Code  Gb  exit.o [6]
__iar_copy_init3        0x08000505  0x2c  Code  Gb  copy_init3.o [5]
__iar_data_init3        0x08000531  0x28  Code  Gb  data_init.o [5]
__iar_init_vfp          0x08000559        Code  Gb  fpinit_M.o [4]
__iar_program_start     0x080005e5        Code  Gb  cstartup_M.o [5]
__low_level_init        0x080005ab   0x4  Code  Gb  low_level_init.o [3]
__vector_table          0x08000000        Data  Gb  startup_stm32f40xx.o [1]
_call_main              0x0800059d        Code  Gb  cmain.o [5]
_exit                   0x080005b5        Code  Gb  cexit.o [5]
_main                   0x080005a7        Code  Gb  cmain.o [5]
delay                   0x0800045b   0xe  Code  Gb  main.o [1]
delay_counter           0x20000014   0x4  Data  Gb  main.o [1]
exit                    0x080005af   0x4  Code  Gb  exit.o [3]
main                    0x08000469  0x44  Code  Gb  main.o [1]


[1] = D:\Study\STM32\SysTickTimer\Debug\Obj
[2] = command line
[3] = dl7M_tln.a
[4] = m7M_tls.a
[5] = rt7M_tl.a
[6] = shb_l.a

  1 858 bytes of readonly  code memory
     46 bytes of readonly  data memory
  8 216 bytes of readwrite data memory

Errors: none
Warnings: none
